WARNING: Using incubator modules: jdk.incubator.vector
2026-10-05 01:59:44,308 INFO spark_clean: 38 input files, join=shuffle, master=spark://spark-master:7077
Using Spark's default log4j profile: org/apache/spark/log4j2-defaults.properties
26/10/05 01:59:44 INFO SparkContext: Running Spark version 4.2.0
26/10/05 01:59:44 INFO SparkContext: OS info Linux, 7.0.0-31-generic, amd64
26/10/05 01:59:44 INFO SparkContext: Java version 21.0.12.1+1-1-deb13u1-Debian
26/10/05 01:59:44 WARN NativeCodeLoader: Unable to load native-hadoop library for your platform... using builtin-java classes where applicable
26/10/05 01:59:44 WARN SparkConf: Note that spark.local.dir will be overridden by the value set by the cluster manager (via SPARK_LOCAL_DIRS in standalone/kubernetes and LOCAL_DIRS in YARN).
26/10/05 01:59:44 INFO ResourceUtils: ==============================================================
26/10/05 01:59:44 INFO ResourceUtils: No custom resources configured for spark.driver.
26/10/05 01:59:44 INFO ResourceUtils: ==============================================================
26/10/05 01:59:44 INFO SparkContext: Submitted application: a3-spark-clean-shuffle
26/10/05 01:59:44 INFO SecurityManager: Changing view acls to: root
26/10/05 01:59:44 INFO SecurityManager: Changing modify acls to: root
26/10/05 01:59:44 INFO SecurityManager: Changing view acls groups to: root
26/10/05 01:59:44 INFO SecurityManager: Changing modify acls groups to: root
26/10/05 01:59:44 INFO SecurityManager: SecurityManager: authentication disabled; ui acls disabled; users with view permissions: root groups with view permissions: EMPTY; users with modify permissions: root; groups with modify permissions: EMPTY; RPC SSL disabled
26/10/05 01:59:44 INFO Utils: Successfully started service 'sparkDriver' on port 35545.
26/10/05 01:59:44 INFO SparkEnv: Registering MapOutputTracker
26/10/05 01:59:44 INFO SparkEnv: Registering BlockManagerMaster
26/10/05 01:59:44 INFO BlockManagerMasterEndpoint: Using org.apache.spark.storage.DefaultTopologyMapper for getting topology information
26/10/05 01:59:44 INFO BlockManagerMasterEndpoint: BlockManagerMasterEndpoint up
26/10/05 01:59:44 INFO SparkEnv: Registering BlockManagerMasterHeartbeat
26/10/05 01:59:44 INFO DiskBlockManager: Created local directory at /app/data/tmp/spark/blockmgr-febad32c-8d85-4909-851b-be559318e890
26/10/05 01:59:44 INFO SparkEnv: Registering OutputCommitCoordinator
26/10/05 01:59:44 INFO JettyUtils: Start Jetty 0.0.0.0:4040 for SparkUI
26/10/05 01:59:45 INFO Utils: Successfully started service 'SparkUI' on port 4040.
26/10/05 01:59:45 INFO ResourceProfile: Default ResourceProfile created, executor resources: Map(memory -> name: memory, amount: 4096, script: , vendor: , offHeap -> name: offHeap, amount: 0, script: , vendor: ), task resources: Map(cpus -> name: cpus, amount: 1.0)
26/10/05 01:59:45 INFO ResourceProfile: Limiting resource is cpu
26/10/05 01:59:45 INFO ResourceProfileManager: Added ResourceProfile id: 0
26/10/05 01:59:45 INFO SecurityManager: Changing view acls to: root
26/10/05 01:59:45 INFO SecurityManager: Changing modify acls to: root
26/10/05 01:59:45 INFO SecurityManager: Changing view acls groups to: root
26/10/05 01:59:45 INFO SecurityManager: Changing modify acls groups to: root
26/10/05 01:59:45 INFO SecurityManager: SecurityManager: authentication disabled; ui acls disabled; users with view permissions: root groups with view permissions: EMPTY; users with modify permissions: root; groups with modify permissions: EMPTY; RPC SSL disabled
26/10/05 01:59:45 INFO StandaloneAppClient$ClientEndpoint: Connecting to master spark://spark-master:7077...
26/10/05 01:59:45 INFO TransportClientFactory: Successfully created connection to spark-master/172.21.0.2:7077 after 12 ms (0 ms spent in bootstraps)
26/10/05 01:59:45 INFO StandaloneSchedulerBackend: Connected to Spark cluster with app ID app-20261005015945-0000
26/10/05 01:59:45 INFO Utils: Successfully started service 'org.apache.spark.network.netty.NettyBlockTransferService' on port 40989.
26/10/05 01:59:45 INFO NettyBlockTransferService: Server created on spark-master:40989
26/10/05 01:59:45 INFO BlockManager: Using org.apache.spark.storage.RandomBlockReplicationPolicy for block replication policy
26/10/05 01:59:45 INFO BlockManagerMaster: Registering BlockManager BlockManagerId(driver, spark-master, 40989, None)
26/10/05 01:59:45 INFO StandaloneAppClient$ClientEndpoint: Executor added: app-20261005015945-0000/0 on worker-20261005015942-172.21.0.4-35257 (172.21.0.4:35257) with 6 core(s)
26/10/05 01:59:45 INFO BlockManagerMasterEndpoint: Registering block manager spark-master:40989 with 1048.8 MiB RAM, BlockManagerId(driver, spark-master, 40989, None)
26/10/05 01:59:45 INFO StandaloneSchedulerBackend: Granted executor ID app-20261005015945-0000/0 on hostPort 172.21.0.4:35257 with 6 core(s), 4.0 GiB RAM
26/10/05 01:59:45 INFO StandaloneAppClient$ClientEndpoint: Executor added: app-20261005015945-0000/1 on worker-20261005015942-172.21.0.3-37561 (172.21.0.3:37561) with 6 core(s)
26/10/05 01:59:45 INFO StandaloneSchedulerBackend: Granted executor ID app-20261005015945-0000/1 on hostPort 172.21.0.3:37561 with 6 core(s), 4.0 GiB RAM
26/10/05 01:59:45 INFO BlockManagerMaster: Registered BlockManager BlockManagerId(driver, spark-master, 40989, None)
26/10/05 01:59:45 INFO BlockManager: Initialized BlockManager: BlockManagerId(driver, spark-master, 40989, None)
26/10/05 01:59:45 INFO StandaloneAppClient$ClientEndpoint: Executor updated: app-20261005015945-0000/1 is now RUNNING
26/10/05 01:59:45 INFO StandaloneAppClient$ClientEndpoint: Executor updated: app-20261005015945-0000/0 is now RUNNING
26/10/05 01:59:45 INFO StandaloneSchedulerBackend: SchedulerBackend is ready for scheduling beginning after reached minRegisteredResourcesRatio: 0.0
26/10/05 01:59:46 INFO StandaloneSchedulerBackend$StandaloneDriverEndpoint: Registered executor NettyRpcEndpointRef(spark-client://Executor) (172.21.0.4:39882) with ID 0, ResourceProfileId 0
26/10/05 01:59:46 INFO StandaloneSchedulerBackend$StandaloneDriverEndpoint: Registered executor NettyRpcEndpointRef(spark-client://Executor) (172.21.0.3:57652) with ID 1, ResourceProfileId 0
26/10/05 01:59:52 WARN SparkStringUtils: Truncated the string representation of a plan since it was too large. This behavior can be adjusted by setting 'spark.sql.debug.maxToStringFields'.
2026-10-05 02:00:28,215 INFO spark_clean: raw               rows= 126,188,813 removed=            35.58s
2026-10-05 02:00:57,519 INFO spark_clean: drop_nulls        rows= 118,072,836 removed= 8,115,977  29.28s
2026-10-05 02:01:33,409 INFO spark_clean: validity_filters  rows= 111,083,668 removed= 6,989,168  35.86s
2026-10-05 02:02:47,886 INFO spark_clean: dedup             rows= 111,083,664 removed=         4  74.45s
2026-10-05 02:04:18,578 INFO spark_clean: join              rows= 111,083,664 removed=         0  90.67s
2026-10-05 02:06:06,600 INFO spark_clean: speed_filter      rows= 111,016,594 removed=    67,070  108.00s
26/10/05 02:06:06 ERROR TransportResponseHandler: Still have 1 requests outstanding when connection from /172.21.0.3:57652 is closed
26/10/05 02:06:06 ERROR TransportResponseHandler: Still have 1 requests outstanding when connection from /172.21.0.4:39882 is closed
java.util.concurrent.RejectedExecutionException: Task Future(<not completed>) rejected from java.util.concurrent.ThreadPoolExecutor@7b9344c3[Terminated, pool size = 0, active threads = 0, queued tasks = 0, completed tasks = 554]
	at java.base/java.util.concurrent.ThreadPoolExecutor$AbortPolicy.rejectedExecution(ThreadPoolExecutor.java:2081)
	at java.base/java.util.concurrent.ThreadPoolExecutor.reject(ThreadPoolExecutor.java:841)
	at java.base/java.util.concurrent.ThreadPoolExecutor.execute(ThreadPoolExecutor.java:1376)
	at scala.concurrent.impl.ExecutionContextImpl.execute(ExecutionContextImpl.scala:21)
	at scala.concurrent.impl.Promise$Transformation.submitWithValue(Promise.scala:462)
	at scala.concurrent.impl.Promise$DefaultPromise.submitWithValue(Promise.scala:371)
	at scala.concurrent.impl.Promise$DefaultPromise.tryComplete0(Promise.scala:295)
	at scala.concurrent.impl.Promise$Transformation.handleFailure(Promise.scala:477)
	at scala.concurrent.impl.Promise$Transformation.submitWithValue(Promise.scala:468)
	at scala.concurrent.impl.Promise$DefaultPromise.submitWithValue(Promise.scala:371)
	at scala.concurrent.impl.Promise$DefaultPromise.tryComplete0(Promise.scala:295)
	at scala.concurrent.impl.Promise$Transformation.handleFailure(Promise.scala:477)
	at scala.concurrent.impl.Promise$Transformation.submitWithValue(Promise.scala:468)
	at scala.concurrent.impl.Promise$DefaultPromise.submitWithValue(Promise.scala:371)
	at scala.concurrent.impl.Promise$DefaultPromise.tryComplete0(Promise.scala:295)
	at scala.concurrent.impl.Promise$Transformation.run(Promise.scala:537)
	at org.apache.spark.util.ThreadUtils$$anon$1.execute(ThreadUtils.scala:99)
	at scala.concurrent.impl.ExecutionContextImpl.execute(ExecutionContextImpl.scala:21)
	at scala.concurrent.impl.Promise$Transformation.submitWithValue(Promise.scala:462)
	at scala.concurrent.impl.Promise$DefaultPromise.submitWithValue(Promise.scala:371)
	at scala.concurrent.impl.Promise$DefaultPromise.tryComplete0(Promise.scala:295)
	at scala.concurrent.impl.Promise$Transformation.run(Promise.scala:537)
	at scala.concurrent.ExecutionContext$parasitic$.execute(ExecutionContext.scala:222)
	at scala.concurrent.impl.Promise$Transformation.submitWithValue(Promise.scala:462)
	at scala.concurrent.impl.Promise$DefaultPromise.submitWithValue(Promise.scala:368)
	at scala.concurrent.impl.Promise$DefaultPromise.tryComplete0(Promise.scala:295)
	at scala.concurrent.impl.Promise$DefaultPromise.tryComplete(Promise.scala:288)
	at scala.concurrent.Promise.tryFailure(Promise.scala:117)
	at scala.concurrent.Promise.tryFailure$(Promise.scala:117)
	at scala.concurrent.impl.Promise$DefaultPromise.tryFailure(Promise.scala:104)
	at org.apache.spark.rpc.netty.NettyRpcEnv.org$apache$spark$rpc$netty$NettyRpcEnv$$onFailure$1(NettyRpcEnv.scala:217)
	at org.apache.spark.rpc.netty.NettyRpcEnv.$anonfun$askAbortable$6(NettyRpcEnv.scala:248)
	at org.apache.spark.rpc.netty.NettyRpcEnv.$anonfun$askAbortable$6$adapted(NettyRpcEnv.scala:248)
	at org.apache.spark.rpc.netty.RpcOutboxMessage.onFailure(Outbox.scala:86)
	at org.apache.spark.network.client.TransportResponseHandler.failOutstandingRequests(TransportResponseHandler.java:120)
	at org.apache.spark.network.client.TransportResponseHandler.channelInactive(TransportResponseHandler.java:150)
	at org.apache.spark.network.server.TransportChannelHandler.channelInactive(TransportChannelHandler.java:120)
	at io.netty.channel.AbstractChannelHandlerContext.fireChannelInactive(AbstractChannelHandlerContext.java:251)
	at io.netty.channel.ChannelInboundHandlerAdapter.channelInactive(ChannelInboundHandlerAdapter.java:81)
	at io.netty.handler.timeout.IdleStateHandler.channelInactive(IdleStateHandler.java:279)
	at io.netty.channel.AbstractChannelHandlerContext.fireChannelInactive(AbstractChannelHandlerContext.java:251)
	at io.netty.channel.ChannelInboundHandlerAdapter.channelInactive(ChannelInboundHandlerAdapter.java:81)
	at org.apache.spark.network.util.TransportFrameDecoder.channelInactive(TransportFrameDecoder.java:224)
	at io.netty.channel.AbstractChannelHandlerContext.fireChannelInactive(AbstractChannelHandlerContext.java:251)
	at io.netty.channel.DefaultChannelPipeline$HeadContext.channelInactive(DefaultChannelPipeline.java:1424)
	at io.netty.channel.DefaultChannelPipeline.fireChannelInactive(DefaultChannelPipeline.java:876)
	at io.netty.channel.AbstractChannel$AbstractUnsafe$6.run(AbstractChannel.java:676)
	at io.netty.util.concurrent.AbstractEventExecutor.runTask(AbstractEventExecutor.java:148)
	at io.netty.util.concurrent.AbstractEventExecutor.safeExecute(AbstractEventExecutor.java:141)
	at io.netty.util.concurrent.SingleThreadEventExecutor.runAllTasks(SingleThreadEventExecutor.java:535)
	at io.netty.channel.SingleThreadIoEventLoop.run(SingleThreadIoEventLoop.java:201)
	at io.netty.util.concurrent.SingleThreadEventExecutor$5.run(SingleThreadEventExecutor.java:1195)
	at io.netty.util.internal.ThreadExecutorMap$2.run(ThreadExecutorMap.java:74)
	at io.netty.util.concurrent.FastThreadLocalRunnable.run(FastThreadLocalRunnable.java:30)
	at java.base/java.lang.Thread.run(Thread.java:1583)
java.util.concurrent.RejectedExecutionException: Task Future(<not completed>) rejected from java.util.concurrent.ThreadPoolExecutor@7b9344c3[Terminated, pool size = 0, active threads = 0, queued tasks = 0, completed tasks = 554]
	at java.base/java.util.concurrent.ThreadPoolExecutor$AbortPolicy.rejectedExecution(ThreadPoolExecutor.java:2081)
	at java.base/java.util.concurrent.ThreadPoolExecutor.reject(ThreadPoolExecutor.java:841)
	at java.base/java.util.concurrent.ThreadPoolExecutor.execute(ThreadPoolExecutor.java:1376)
	at scala.concurrent.impl.ExecutionContextImpl.execute(ExecutionContextImpl.scala:21)
	at scala.concurrent.impl.Promise$Transformation.submitWithValue(Promise.scala:462)
	at scala.concurrent.impl.Promise$DefaultPromise.submitWithValue(Promise.scala:371)
	at scala.concurrent.impl.Promise$DefaultPromise.tryComplete0(Promise.scala:295)
	at scala.concurrent.impl.Promise$Transformation.handleFailure(Promise.scala:477)
	at scala.concurrent.impl.Promise$Transformation.submitWithValue(Promise.scala:468)
	at scala.concurrent.impl.Promise$DefaultPromise.submitWithValue(Promise.scala:371)
	at scala.concurrent.impl.Promise$DefaultPromise.tryComplete0(Promise.scala:295)
	at scala.concurrent.impl.Promise$Transformation.run(Promise.scala:537)
	at org.apache.spark.util.ThreadUtils$$anon$1.execute(ThreadUtils.scala:99)
	at scala.concurrent.impl.ExecutionContextImpl.execute(ExecutionContextImpl.scala:21)
	at scala.concurrent.impl.Promise$Transformation.submitWithValue(Promise.scala:462)
	at scala.concurrent.impl.Promise$DefaultPromise.submitWithValue(Promise.scala:371)
	at scala.concurrent.impl.Promise$DefaultPromise.tryComplete0(Promise.scala:295)
	at scala.concurrent.impl.Promise$Transformation.run(Promise.scala:537)
	at scala.concurrent.ExecutionContext$parasitic$.execute(ExecutionContext.scala:222)
	at scala.concurrent.impl.Promise$Transformation.submitWithValue(Promise.scala:462)
	at scala.concurrent.impl.Promise$DefaultPromise.submitWithValue(Promise.scala:368)
	at scala.concurrent.impl.Promise$DefaultPromise.tryComplete0(Promise.scala:295)
	at scala.concurrent.impl.Promise$DefaultPromise.tryComplete(Promise.scala:288)
	at scala.concurrent.Promise.tryFailure(Promise.scala:117)
	at scala.concurrent.Promise.tryFailure$(Promise.scala:117)
	at scala.concurrent.impl.Promise$DefaultPromise.tryFailure(Promise.scala:104)
	at org.apache.spark.rpc.netty.NettyRpcEnv.org$apache$spark$rpc$netty$NettyRpcEnv$$onFailure$1(NettyRpcEnv.scala:217)
	at org.apache.spark.rpc.netty.NettyRpcEnv.$anonfun$askAbortable$6(NettyRpcEnv.scala:248)
	at org.apache.spark.rpc.netty.NettyRpcEnv.$anonfun$askAbortable$6$adapted(NettyRpcEnv.scala:248)
	at org.apache.spark.rpc.netty.RpcOutboxMessage.onFailure(Outbox.scala:86)
	at org.apache.spark.network.client.TransportResponseHandler.failOutstandingRequests(TransportResponseHandler.java:120)
	at org.apache.spark.network.client.TransportResponseHandler.channelInactive(TransportResponseHandler.java:150)
	at org.apache.spark.network.server.TransportChannelHandler.channelInactive(TransportChannelHandler.java:120)
	at io.netty.channel.AbstractChannelHandlerContext.fireChannelInactive(AbstractChannelHandlerContext.java:251)
	at io.netty.channel.ChannelInboundHandlerAdapter.channelInactive(ChannelInboundHandlerAdapter.java:81)
	at io.netty.handler.timeout.IdleStateHandler.channelInactive(IdleStateHandler.java:279)
	at io.netty.channel.AbstractChannelHandlerContext.fireChannelInactive(AbstractChannelHandlerContext.java:251)
	at io.netty.channel.ChannelInboundHandlerAdapter.channelInactive(ChannelInboundHandlerAdapter.java:81)
	at org.apache.spark.network.util.TransportFrameDecoder.channelInactive(TransportFrameDecoder.java:224)
	at io.netty.channel.AbstractChannelHandlerContext.fireChannelInactive(AbstractChannelHandlerContext.java:251)
	at io.netty.channel.DefaultChannelPipeline$HeadContext.channelInactive(DefaultChannelPipeline.java:1424)
	at io.netty.channel.DefaultChannelPipeline.fireChannelInactive(DefaultChannelPipeline.java:876)
	at io.netty.channel.AbstractChannel$AbstractUnsafe$6.run(AbstractChannel.java:676)
	at io.netty.util.concurrent.AbstractEventExecutor.runTask(AbstractEventExecutor.java:148)
	at io.netty.util.concurrent.AbstractEventExecutor.safeExecute(AbstractEventExecutor.java:141)
	at io.netty.util.concurrent.SingleThreadEventExecutor.runAllTasks(SingleThreadEventExecutor.java:535)
	at io.netty.channel.SingleThreadIoEventLoop.run(SingleThreadIoEventLoop.java:201)
	at io.netty.util.concurrent.SingleThreadEventExecutor$5.run(SingleThreadEventExecutor.java:1195)
	at io.netty.util.internal.ThreadExecutorMap$2.run(ThreadExecutorMap.java:74)
	at io.netty.util.concurrent.FastThreadLocalRunnable.run(FastThreadLocalRunnable.java:30)
	at java.base/java.lang.Thread.run(Thread.java:1583)
2026-10-05 02:06:07,555 INFO py4j.clientserver: Closing down clientserver connection
